
> yoru-otoko-navi@0.1.0 build
> next build

笆ｲ Next.js 16.1.1 (Turbopack)
- Environments: .env.local

node.exe : 笞 The "mi
ddleware" file conven
tion is deprecated. P
lease use "proxy" ins
tead. Learn more: htt
ps://nextjs.org/docs/
messages/middleware-t
o-proxy
発生場所 行:1 文字:1
+ & "C:\Program Files
\nodejs/node.exe" "C:
\Program Files\nodejs
/node_mo ...
+ ~~~~~~~~~~~~~~~~~~~
~~~~~~~~~~~~~~~~~~~~~
~~~~~~~~~~~~~~~~~~~~~
~~~~~~~~
    + CategoryInfo   
           : NotSpe  
  cified: (笞 The    
 "middlew...lewar    
e-to-proxy:Strin    g
) [], RemoteExc    ep
tion
    + FullyQualified 
   ErrorId : Native  
  CommandError
 
  Creating an optimized production build ...
笨・Compiled successfully in 1899.4ms
  Running TypeScript ...
  Collecting page data using 23 workers ...
  Generating static pages using 23 workers (0/26) ...
  Generating static pages using 23 workers (6/26) 
  Generating static pages using 23 workers (12/26) 
  Generating static pages using 23 workers (19/26) 
笨・Generating static pages using 23 workers (26/26) in 411.0ms
  Finalizing page optimization ...

Route (app)
笏・笳・/
笏・笳・/_not-found
笏・笳・/admin
笏・ﾆ・/apply/[id]
笏・笳・/employer
笏・笳・/employer/post
笏・笳・/jobs
笏・ﾆ・/jobs/[id]
笏・笳・/login
笏・笳・/matcher
笏・笳・/my-apps
笏・ﾆ・/pref/[name]
笏・笳・/profile
笏・笳・/signup
笏・笳・/talent-pool

Route (pages)
笏・笳・/AdminDashboard
笏・笳・/ApplyPage
笏・笳・/EmployerDashboard
笏・笳・/HomePage
笏・笳・/JobDetailPage
笏・笳・/JobListPage
笏・笳・/JobMatcherPage
笏・笳・/MyProfilePage
笏・笳・/PostJobPage
笏・笳・/PrefSearchPage
笏・笳・/TalentPoolPage

ﾆ・Proxy (Middleware)

笳・ (Static)   prerendered as static content
ﾆ・ (Dynamic)  server-rendered on demand

