
> yoru-otoko-navi@0.1.0 build
> next build

笆ｲ Next.js 16.1.1 (Turbopack)
- Environments: .env.local

  Creating an optimized production build ...
笨・Compiled successfully in 1600.3ms
  Running TypeScript ...
node.exe : Failed to
 compile.
発生場所 行:1 文字:1
+ & "C:\Program File
s\nodejs/node.exe" "
C:\Program Files\nod
ejs/node_mo ...
+ ~~~~~~~~~~~~~~~~~~
~~~~~~~~~~~~~~~~~~~~
~~~~~~~~~~~~~~~~~~~~
~~~~~~~~~~~
    + CategoryInfo  
            : NotS  
  pecified: (Fail   
 ed to compile.:    
String) [], Rem    o
teException
    + FullyQualifie 
   dErrorId : Nati  
  veCommandError
 

./app/apply/[id]/pag
e.tsx:23:7
Type error: Type 'Pr
omise<Job | null>' i
s missing the follow
ing properties from 
type 'Job': id, empl
oyerId, employerName
, title, and 13 more
.

[0m [90m 21 |[39m
   [36mreturn[39m 
(
 [90m 22 |[39m    
 [33m<[39m[33mApp
lyPage[39m
[31m[1m>[22m[39m
[90m 23 |[39m     
  job[33m=[39m{job
}
 [90m    |[39m    
   [31m[1m^[22m[
39m
 [90m 24 |[39m    
   onCancel[33m=[3
9m{() [33m=>[39m r
outer[33m.[39mpush
([32m`/jobs/${job.i
d}`[39m)}
 [90m 25 |[39m    
   onSubmit[33m=[3
9m{(data) [33m=>[3
9m {
 [90m 26 |[39m    
     jobService[33m
.[39msubmitApplicat
ion({[0m
Next.js build worker
 exited with code: 1
 and signal: null
