app/my-apps/page.tsx(17,41): error TS2551: Property 'seekerUserId' does not exist on type 'Application'. Did you mean 'seeker_user_id'?
app/my-apps/page.tsx(44,24): error TS2551: Property 'jobTitle' does not exist on type 'Application'. Did you mean 'job_title'?
app/my-apps/page.tsx(47,29): error TS2551: Property 'createdAt' does not exist on type 'Application'. Did you mean 'created_at'?
pages/ApplyPage.tsx(35,54): error TS2551: Property 'employerName' does not exist on type 'Job'. Did you mean 'employer_name'?
pages/MyProfilePage.tsx(22,11): error TS2353: Object literal may only specify known properties, and 'personalityTags' does not exist in type 'SeekerProfile | ((prevState: SeekerProfile | null) => SeekerProfile | null)'.
pages/MyProfilePage.tsx(22,30): error TS2551: Property 'personalityTags' does not exist on type 'SeekerProfile'. Did you mean 'personality_tags'?
pages/MyProfilePage.tsx(23,31): error TS2551: Property 'jobHuntingStatus' does not exist on type 'SeekerProfile'. Did you mean 'job_hunting_status'?
pages/MyProfilePage.tsx(24,32): error TS2551: Property 'desiredAtmosphere' does not exist on type 'SeekerProfile'. Did you mean 'desired_atmosphere'?
pages/MyProfilePage.tsx(25,32): error TS2551: Property 'desiredPersonType' does not exist on type 'SeekerProfile'. Did you mean 'desired_person_type'?
pages/MyProfilePage.tsx(47,29): error TS2551: Property 'personalityTags' does not exist on type 'SeekerProfile'. Did you mean 'personality_tags'?
pages/MyProfilePage.tsx(51,9): error TS2353: Object literal may only specify known properties, and 'personalityTags' does not exist in type 'SeekerProfile | ((prevState: SeekerProfile | null) => SeekerProfile | null)'.
pages/MyProfilePage.tsx(51,42): error TS7006: Parameter 't' implicitly has an 'any' type.
pages/MyProfilePage.tsx(54,32): error TS2353: Object literal may only specify known properties, and 'personalityTags' does not exist in type 'SeekerProfile | ((prevState: SeekerProfile | null) => SeekerProfile | null)'.
pages/MyProfilePage.tsx(84,48): error TS2353: Object literal may only specify known properties, and 'jobHuntingStatus' does not exist in type 'SeekerProfile | ((prevState: SeekerProfile | null) => SeekerProfile | null)'.
pages/MyProfilePage.tsx(87,31): error TS2551: Property 'jobHuntingStatus' does not exist on type 'SeekerProfile'. Did you mean 'job_hunting_status'?
pages/MyProfilePage.tsx(173,31): error TS2551: Property 'personalityTags' does not exist on type 'SeekerProfile'. Did you mean 'personality_tags'?
pages/MyProfilePage.tsx(201,34): error TS2551: Property 'desiredAtmosphere' does not exist on type 'SeekerProfile'. Did you mean 'desired_atmosphere'?
pages/MyProfilePage.tsx(205,23): error TS2353: Object literal may only specify known properties, and 'desiredAtmosphere' does not exist in type 'SeekerProfile | ((prevState: SeekerProfile | null) => SeekerProfile | null)'.
pages/MyProfilePage.tsx(219,34): error TS2551: Property 'desiredPersonType' does not exist on type 'SeekerProfile'. Did you mean 'desired_person_type'?
pages/MyProfilePage.tsx(223,23): error TS2353: Object literal may only specify known properties, and 'desiredPersonType' does not exist in type 'SeekerProfile | ((prevState: SeekerProfile | null) => SeekerProfile | null)'.
pages/TalentPoolPage.tsx(77,25): error TS2551: Property 'personalityTags' does not exist on type 'SeekerProfile'. Did you mean 'personality_tags'?
pages/TalentPoolPage.tsx(77,47): error TS7006: Parameter 'tag' implicitly has an 'any' type.
pages/TalentPoolPage.tsx(93,29): error TS2551: Property 'desiredAtmosphere' does not exist on type 'SeekerProfile'. Did you mean 'desired_atmosphere'?
pages/TalentPoolPage.tsx(101,29): error TS2551: Property 'desiredPersonType' does not exist on type 'SeekerProfile'. Did you mean 'desired_person_type'?
